Eval dataset: 100 samples (shuffled, seed=42)
Method: plain_llm | Reasoning: got | Model: phi4:14b
Time budget: 600s

step 001/100 | val_score: 0.695126 | dt: 10.1s | syntax: 1 | edges: 1.00 | noise: N/A    
step 002/100 | val_score: 0.696792 | dt: 13.7s | syntax: 1 | edges: 1.00 | noise: N/A    
step 003/100 | val_score: 0.699909 | dt: 10.3s | syntax: 1 | edges: 1.00 | noise: N/A    
step 004/100 | val_score: 0.688948 | dt: 7.7s | syntax: 1 | edges: 1.00 | noise: N/A    
step 005/100 | val_score: 0.689983 | dt: 11.4s | syntax: 1 | edges: 1.00 | noise: N/A    
step 006/100 | val_score: 0.689711 | dt: 10.5s | syntax: 1 | edges: 1.00 | noise: N/A    
step 007/100 | val_score: 0.687560 | dt: 9.4s | syntax: 1 | edges: 1.00 | noise: N/A    
step 008/100 | val_score: 0.691467 | dt: 12.2s | syntax: 1 | edges: 1.00 | noise: N/A    
step 009/100 | val_score: 0.688702 | dt: 18.5s | syntax: 1 | edges: 1.00 | noise: N/A    
step 010/100 | val_score: 0.688404 | dt: 12.1s | syntax: 1 | edges: 1.00 | noise: N/A    
step 011/100 | val_score: 0.690487 | dt: 6.6s | syntax: 1 | edges: 1.00 | noise: N/A    
step 012/100 | val_score: 0.691427 | dt: 18.8s | syntax: 1 | edges: 1.00 | noise: N/A    
step 013/100 | val_score: 0.691297 | dt: 16.7s | syntax: 1 | edges: 1.00 | noise: N/A    
step 014/100 | val_score: 0.691246 | dt: 12.6s | syntax: 1 | edges: 1.00 | noise: N/A    
step 015/100 | val_score: 0.689783 | dt: 7.0s | syntax: 1 | edges: 1.00 | noise: N/A    
step 016/100 | val_score: 0.689486 | dt: 20.6s | syntax: 1 | edges: 1.00 | noise: N/A    
step 017/100 | val_score: 0.689145 | dt: 7.6s | syntax: 1 | edges: 1.00 | noise: N/A    
step 018/100 | val_score: 0.689639 | dt: 7.6s | syntax: 1 | edges: 1.00 | noise: N/A    
step 019/100 | val_score: 0.688653 | dt: 9.0s | syntax: 1 | edges: 1.00 | noise: N/A    
step 020/100 | val_score: 0.688558 | dt: 11.7s | syntax: 1 | edges: 1.00 | noise: N/A    
step 021/100 | val_score: 0.687502 | dt: 16.9s | syntax: 1 | edges: 1.00 | noise: N/A    
step 022/100 | val_score: 0.687534 | dt: 10.3s | syntax: 1 | edges: 1.00 | noise: N/A    
step 023/100 | val_score: 0.687172 | dt: 7.9s | syntax: 1 | edges: 1.00 | noise: N/A    
step 024/100 | val_score: 0.686611 | dt: 8.8s | syntax: 1 | edges: 1.00 | noise: N/A    
step 025/100 | val_score: 0.686355 | dt: 8.2s | syntax: 1 | edges: 1.00 | noise: N/A    
step 026/100 | val_score: 0.686031 | dt: 11.4s | syntax: 1 | edges: 1.00 | noise: N/A    
step 027/100 | val_score: 0.685317 | dt: 9.0s | syntax: 1 | edges: 1.00 | noise: N/A    
step 028/100 | val_score: 0.686173 | dt: 10.4s | syntax: 1 | edges: 1.00 | noise: N/A    
step 029/100 | val_score: 0.686357 | dt: 10.7s | syntax: 1 | edges: 1.00 | noise: N/A    
step 030/100 | val_score: 0.685490 | dt: 13.0s | syntax: 1 | edges: 1.00 | noise: N/A    
step 031/100 | val_score: 0.685527 | dt: 11.6s | syntax: 1 | edges: 1.00 | noise: N/A    
step 032/100 | val_score: 0.684860 | dt: 7.1s | syntax: 1 | edges: 1.00 | noise: N/A    
step 033/100 | val_score: 0.685864 | dt: 11.6s | syntax: 1 | edges: 1.00 | noise: N/A    
step 034/100 | val_score: 0.685037 | dt: 13.4s | syntax: 1 | edges: 1.00 | noise: N/A    
step 035/100 | val_score: 0.685030 | dt: 14.8s | syntax: 1 | edges: 1.00 | noise: N/A    
step 036/100 | val_score: 0.685285 | dt: 8.1s | syntax: 1 | edges: 1.00 | noise: N/A    
step 037/100 | val_score: 0.685150 | dt: 5.3s | syntax: 1 | edges: 1.00 | noise: N/A    
step 038/100 | val_score: 0.685611 | dt: 12.4s | syntax: 1 | edges: 1.00 | noise: N/A    
step 039/100 | val_score: 0.685818 | dt: 9.3s | syntax: 1 | edges: 1.00 | noise: N/A    
step 040/100 | val_score: 0.684920 | dt: 8.5s | syntax: 1 | edges: 1.00 | noise: N/A    
step 041/100 | val_score: 0.684811 | dt: 17.6s | syntax: 1 | edges: 1.00 | noise: N/A    
step 042/100 | val_score: 0.684755 | dt: 15.2s | syntax: 1 | edges: 1.00 | noise: N/A    
step 043/100 | val_score: 0.684763 | dt: 7.8s | syntax: 1 | edges: 1.00 | noise: N/A    
step 044/100 | val_score: 0.684906 | dt: 11.6s | syntax: 1 | edges: 1.00 | noise: N/A    
step 045/100 | val_score: 0.685223 | dt: 11.8s | syntax: 1 | edges: 1.00 | noise: N/A    
step 046/100 | val_score: 0.685094 | dt: 10.0s | syntax: 1 | edges: 1.00 | noise: N/A    
step 047/100 | val_score: 0.685472 | dt: 12.5s | syntax: 1 | edges: 1.00 | noise: N/A    
step 048/100 | val_score: 0.685740 | dt: 8.4s | syntax: 1 | edges: 1.00 | noise: N/A    
step 049/100 | val_score: 0.684905 | dt: 12.9s | syntax: 1 | edges: 1.00 | noise: N/A    
step 050/100 | val_score: 0.684391 | dt: 11.0s | syntax: 1 | edges: 1.00 | noise: N/A    
step 051/100 | val_score: 0.684196 | dt: 9.9s | syntax: 1 | edges: 1.00 | noise: N/A    
step 052/100 | val_score: 0.683996 | dt: 9.4s | syntax: 1 | edges: 1.00 | noise: N/A    
step 053/100 | val_score: 0.683049 | dt: 5.1s | syntax: 1 | edges: 1.00 | noise: N/A    
step 054/100 | val_score: 0.682851 | dt: 8.3s | syntax: 1 | edges: 1.00 | noise: N/A    
step 055/100 | val_score: 0.683471 | dt: 16.1s | syntax: 1 | edges: 1.00 | noise: N/A    
step 056/100 | val_score: 0.683723 | dt: 16.6s | syntax: 1 | edges: 1.00 | noise: N/A    
step 057/100 | val_score: 0.684261 | dt: 13.7s | syntax: 1 | edges: 1.00 | noise: N/A    
Time budget reached after 57 samples.

---
val_score:          0.684261
method:             plain_llm/got
model:              phi4:14b
samples_evaluated:  57
total_seconds:      779.6
avg_syntax:         1.0000
avg_edge:           1.0000
avg_assert_density: 0.1393
avg_assertions:     6.8
avg_semantic_sim:   0.6186
avg_rouge:          0.1361
avg_noise_rate:     nan
avg_faithfulness:       nan
avg_llm_judge_faithfulness:    nan
avg_retrieval_secs: 0.000
avg_llm_secs:       11.246
avg_tokens:         2723.8
val_score_humaneval:0.6750
val_score_mbpp:     0.6882
samples_humaneval:  17
samples_mbpp:       40
val_score_classeval:nan
samples_classeval:  0
avg_exec_pass_rate: 0.7332
avg_exec_total:     9.1
dataset_version:    v3
Results appended → results_unitest.tsv
Warning: You are sending unauthenticated requests to the HF Hub. Please set a HF_TOKEN to enable higher rate limits and faster downloads.

Loading weights:   0%|          | 0/103 [00:00<?, ?it/s]
Loading weights:   1%|          | 1/103 [00:00<00:00, 12087.33it/s, Materializing param=embeddings.LayerNorm.bias]
Loading weights:   1%|          | 1/103 [00:00<00:00, 4843.31it/s, Materializing param=embeddings.LayerNorm.bias] 
Loading weights:   2%|▏         | 2/103 [00:00<00:00, 4593.98it/s, Materializing param=embeddings.LayerNorm.weight]
Loading weights:   2%|▏         | 2/103 [00:00<00:00, 3711.77it/s, Materializing param=embeddings.LayerNorm.weight]
Loading weights:   3%|▎         | 3/103 [00:00<00:00, 3908.95it/s, Materializing param=embeddings.position_embeddings.weight]
Loading weights:   3%|▎         | 3/103 [00:00<00:00, 3452.10it/s, Materializing param=embeddings.position_embeddings.weight]
Loading weights:   4%|▍         | 4/103 [00:00<00:00, 3122.50it/s, Materializing param=embeddings.token_type_embeddings.weight]
Loading weights:   4%|▍         | 4/103 [00:00<00:00, 2870.84it/s, Materializing param=embeddings.token_type_embeddings.weight]
Loading weights:   5%|▍         | 5/103 [00:00<00:00, 3168.86it/s, Materializing param=embeddings.word_embeddings.weight]      
Loading weights:   5%|▍         | 5/103 [00:00<00:00, 2999.79it/s, Materializing param=embeddings.word_embeddings.weight]
Loading weights:   6%|▌         | 6/103 [00:00<00:00, 3260.24it/s, Materializing param=encoder.layer.0.attention.output.LayerNorm.bias]
Loading weights:   6%|▌         | 6/103 [00:00<00:00, 3081.78it/s, Materializing param=encoder.layer.0.attention.output.LayerNorm.bias]
Loading weights:   7%|▋         | 7/103 [00:00<00:00, 2214.69it/s, Materializing param=encoder.layer.0.attention.output.LayerNorm.weight]
Loading weights:   7%|▋         | 7/103 [00:00<00:00, 2141.36it/s, Materializing param=encoder.layer.0.attention.output.LayerNorm.weight]
Loading weights:   8%|▊         | 8/103 [00:00<00:00, 2210.44it/s, Materializing param=encoder.layer.0.attention.output.dense.bias]      
Loading weights:   8%|▊         | 8/103 [00:00<00:00, 2153.27it/s, Materializing param=encoder.layer.0.attention.output.dense.bias]
Loading weights:   9%|▊         | 9/103 [00:00<00:00, 2300.07it/s, Materializing param=encoder.layer.0.attention.output.dense.weight]
Loading weights:   9%|▊         | 9/103 [00:00<00:00, 2246.95it/s, Materializing param=encoder.layer.0.attention.output.dense.weight]
Loading weights:  10%|▉         | 10/103 [00:00<00:00, 2385.43it/s, Materializing param=encoder.layer.0.attention.self.key.bias]     
Loading weights:  10%|▉         | 10/103 [00:00<00:00, 2326.55it/s, Materializing param=encoder.layer.0.attention.self.key.bias]
Loading weights:  11%|█         | 11/103 [00:00<00:00, 2451.77it/s, Materializing param=encoder.layer.0.attention.self.key.weight]
Loading weights:  11%|█         | 11/103 [00:00<00:00, 2405.37it/s, Materializing param=encoder.layer.0.attention.self.key.weight]
Loading weights:  12%|█▏        | 12/103 [00:00<00:00, 2063.20it/s, Materializing param=encoder.layer.0.attention.self.query.bias]
Loading weights:  12%|█▏        | 12/103 [00:00<00:00, 2005.72it/s, Materializing param=encoder.layer.0.attention.self.query.bias]
Loading weights:  13%|█▎        | 13/103 [00:00<00:00, 1953.92it/s, Materializing param=encoder.layer.0.attention.self.query.weight]
Loading weights:  13%|█▎        | 13/103 [00:00<00:00, 1924.74it/s, Materializing param=encoder.layer.0.attention.self.query.weight]
Loading weights:  14%|█▎        | 14/103 [00:00<00:00, 2017.81it/s, Materializing param=encoder.layer.0.attention.self.value.bias]  
Loading weights:  14%|█▎        | 14/103 [00:00<00:00, 1958.19it/s, Materializing param=encoder.layer.0.attention.self.value.bias]
Loading weights:  15%|█▍        | 15/103 [00:00<00:00, 2036.73it/s, Materializing param=encoder.layer.0.attention.self.value.weight]
Loading weights:  15%|█▍        | 15/103 [00:00<00:00, 2011.21it/s, Materializing param=encoder.layer.0.attention.self.value.weight]
Loading weights:  16%|█▌        | 16/103 [00:00<00:00, 2099.65it/s, Materializing param=encoder.layer.0.intermediate.dense.bias]    
Loading weights:  16%|█▌        | 16/103 [00:00<00:00, 1954.08it/s, Materializing param=encoder.layer.0.intermediate.dense.bias]
Loading weights:  17%|█▋        | 17/103 [00:00<00:00, 2022.56it/s, Materializing param=encoder.layer.0.intermediate.dense.weight]
Loading weights:  17%|█▋        | 17/103 [00:00<00:00, 2000.76it/s, Materializing param=encoder.layer.0.intermediate.dense.weight]
Loading weights:  17%|█▋        | 18/103 [00:00<00:00, 2074.33it/s, Materializing param=encoder.layer.0.output.LayerNorm.bias]    
Loading weights:  17%|█▋        | 18/103 [00:00<00:00, 2053.85it/s, Materializing param=encoder.layer.0.output.LayerNorm.bias]
Loading weights:  18%|█▊        | 19/103 [00:00<00:00, 2084.32it/s, Materializing param=encoder.layer.0.output.LayerNorm.weight]
Loading weights:  18%|█▊        | 19/103 [00:00<00:00, 2062.84it/s, Materializing param=encoder.layer.0.output.LayerNorm.weight]
Loading weights:  19%|█▉        | 20/103 [00:00<00:00, 2128.06it/s, Materializing param=encoder.layer.0.output.dense.bias]      
Loading weights:  19%|█▉        | 20/103 [00:00<00:00, 2108.43it/s, Materializing param=encoder.layer.0.output.dense.bias]
Loading weights:  20%|██        | 21/103 [00:00<00:00, 2164.30it/s, Materializing param=encoder.layer.0.output.dense.weight]
Loading weights:  20%|██        | 21/103 [00:00<00:00, 2145.32it/s, Materializing param=encoder.layer.0.output.dense.weight]
Loading weights:  21%|██▏       | 22/103 [00:00<00:00, 2178.34it/s, Materializing param=encoder.layer.1.attention.output.LayerNorm.bias]
Loading weights:  21%|██▏       | 22/103 [00:00<00:00, 2158.67it/s, Materializing param=encoder.layer.1.attention.output.LayerNorm.bias]
Loading weights:  22%|██▏       | 23/103 [00:00<00:00, 2215.59it/s, Materializing param=encoder.layer.1.attention.output.LayerNorm.weight]
Loading weights:  22%|██▏       | 23/103 [00:00<00:00, 2196.62it/s, Materializing param=encoder.layer.1.attention.output.LayerNorm.weight]
Loading weights:  23%|██▎       | 24/103 [00:00<00:00, 2254.55it/s, Materializing param=encoder.layer.1.attention.output.dense.bias]      
Loading weights:  23%|██▎       | 24/103 [00:00<00:00, 2236.96it/s, Materializing param=encoder.layer.1.attention.output.dense.bias]
Loading weights:  24%|██▍       | 25/103 [00:00<00:00, 2282.49it/s, Materializing param=encoder.layer.1.attention.output.dense.weight]
Loading weights:  24%|██▍       | 25/103 [00:00<00:00, 2264.60it/s, Materializing param=encoder.layer.1.attention.output.dense.weight]
Loading weights:  25%|██▌       | 26/103 [00:00<00:00, 2316.41it/s, Materializing param=encoder.layer.1.attention.self.key.bias]      
Loading weights:  25%|██▌       | 26/103 [00:00<00:00, 2241.88it/s, Materializing param=encoder.layer.1.attention.self.key.bias]
Loading weights:  26%|██▌       | 27/103 [00:00<00:00, 2293.73it/s, Materializing param=encoder.layer.1.attention.self.key.weight]
Loading weights:  26%|██▌       | 27/103 [00:00<00:00, 2187.53it/s, Materializing param=encoder.layer.1.attention.self.key.weight]
Loading weights:  27%|██▋       | 28/103 [00:00<00:00, 2211.23it/s, Materializing param=encoder.layer.1.attention.self.query.bias]
Loading weights:  27%|██▋       | 28/103 [00:00<00:00, 2193.51it/s, Materializing param=encoder.layer.1.attention.self.query.bias]
Loading weights:  28%|██▊       | 29/103 [00:00<00:00, 2198.91it/s, Materializing param=encoder.layer.1.attention.self.query.weight]
Loading weights:  28%|██▊       | 29/103 [00:00<00:00, 2167.87it/s, Materializing param=encoder.layer.1.attention.self.query.weight]
Loading weights:  29%|██▉       | 30/103 [00:00<00:00, 2165.81it/s, Materializing param=encoder.layer.1.attention.self.value.bias]  
Loading weights:  29%|██▉       | 30/103 [00:00<00:00, 2142.90it/s, Materializing param=encoder.layer.1.attention.self.value.bias]
Loading weights:  30%|███       | 31/103 [00:00<00:00, 2154.60it/s, Materializing param=encoder.layer.1.attention.self.value.weight]
Loading weights:  30%|███       | 31/103 [00:00<00:00, 2127.42it/s, Materializing param=encoder.layer.1.attention.self.value.weight]
Loading weights:  31%|███       | 32/103 [00:00<00:00, 2165.15it/s, Materializing param=encoder.layer.1.intermediate.dense.bias]    
Loading weights:  31%|███       | 32/103 [00:00<00:00, 2137.87it/s, Materializing param=encoder.layer.1.intermediate.dense.bias]
Loading weights:  32%|███▏      | 33/103 [00:00<00:00, 2157.77it/s, Materializing param=encoder.layer.1.intermediate.dense.weight]
Loading weights:  32%|███▏      | 33/103 [00:00<00:00, 2145.16it/s, Materializing param=encoder.layer.1.intermediate.dense.weight]
Loading weights:  33%|███▎      | 34/103 [00:00<00:00, 2184.57it/s, Materializing param=encoder.layer.1.output.LayerNorm.bias]    
Loading weights:  33%|███▎      | 34/103 [00:00<00:00, 2172.65it/s, Materializing param=encoder.layer.1.output.LayerNorm.bias]
Loading weights:  34%|███▍      | 35/103 [00:00<00:00, 2211.82it/s, Materializing param=encoder.layer.1.output.LayerNorm.weight]
Loading weights:  34%|███▍      | 35/103 [00:00<00:00, 2197.12it/s, Materializing param=encoder.layer.1.output.LayerNorm.weight]
Loading weights:  35%|███▍      | 36/103 [00:00<00:00, 2215.46it/s, Materializing param=encoder.layer.1.output.dense.bias]      
Loading weights:  35%|███▍      | 36/103 [00:00<00:00, 2181.88it/s, Materializing param=encoder.layer.1.output.dense.bias]
Loading weights:  36%|███▌      | 37/103 [00:00<00:00, 2193.86it/s, Materializing param=encoder.layer.1.output.dense.weight]
Loading weights:  36%|███▌      | 37/103 [00:00<00:00, 2164.45it/s, Materializing param=encoder.layer.1.output.dense.weight]
Loading weights:  37%|███▋      | 38/103 [00:00<00:00, 2189.27it/s, Materializing param=encoder.layer.2.attention.output.LayerNorm.bias]
Loading weights:  37%|███▋      | 38/103 [00:00<00:00, 2170.08it/s, Materializing param=encoder.layer.2.attention.output.LayerNorm.bias]
Loading weights:  38%|███▊      | 39/103 [00:00<00:00, 2203.01it/s, Materializing param=encoder.layer.2.attention.output.LayerNorm.weight]
Loading weights:  38%|███▊      | 39/103 [00:00<00:00, 2170.53it/s, Materializing param=encoder.layer.2.attention.output.LayerNorm.weight]
Loading weights:  39%|███▉      | 40/103 [00:00<00:00, 2199.11it/s, Materializing param=encoder.layer.2.attention.output.dense.bias]      
Loading weights:  39%|███▉      | 40/103 [00:00<00:00, 2188.55it/s, Materializing param=encoder.layer.2.attention.output.dense.bias]
Loading weights:  40%|███▉      | 41/103 [00:00<00:00, 2220.64it/s, Materializing param=encoder.layer.2.attention.output.dense.weight]
Loading weights:  40%|███▉      | 41/103 [00:00<00:00, 2210.51it/s, Materializing param=encoder.layer.2.attention.output.dense.weight]
Loading weights:  41%|████      | 42/103 [00:00<00:00, 2243.80it/s, Materializing param=encoder.layer.2.attention.self.key.bias]      
Loading weights:  41%|████      | 42/103 [00:00<00:00, 2234.13it/s, Materializing param=encoder.layer.2.attention.self.key.bias]
Loading weights:  42%|████▏     | 43/103 [00:00<00:00, 2249.97it/s, Materializing param=encoder.layer.2.attention.self.key.weight]
Loading weights:  42%|████▏     | 43/103 [00:00<00:00, 2237.18it/s, Materializing param=encoder.layer.2.attention.self.key.weight]
Loading weights:  43%|████▎     | 44/103 [00:00<00:00, 2248.30it/s, Materializing param=encoder.layer.2.attention.self.query.bias]
Loading weights:  43%|████▎     | 44/103 [00:00<00:00, 2223.83it/s, Materializing param=encoder.layer.2.attention.self.query.bias]
Loading weights:  44%|████▎     | 45/103 [00:00<00:00, 2229.77it/s, Materializing param=encoder.layer.2.attention.self.query.weight]
Loading weights:  44%|████▎     | 45/103 [00:00<00:00, 2219.76it/s, Materializing param=encoder.layer.2.attention.self.query.weight]
Loading weights:  45%|████▍     | 46/103 [00:00<00:00, 2250.87it/s, Materializing param=encoder.layer.2.attention.self.value.bias]  
Loading weights:  45%|████▍     | 46/103 [00:00<00:00, 2237.87it/s, Materializing param=encoder.layer.2.attention.self.value.bias]
Loading weights:  46%|████▌     | 47/103 [00:00<00:00, 2256.63it/s, Materializing param=encoder.layer.2.attention.self.value.weight]
Loading weights:  46%|████▌     | 47/103 [00:00<00:00, 2227.18it/s, Materializing param=encoder.layer.2.attention.self.value.weight]
Loading weights:  47%|████▋     | 48/103 [00:00<00:00, 2256.54it/s, Materializing param=encoder.layer.2.intermediate.dense.bias]    
Loading weights:  47%|████▋     | 48/103 [00:00<00:00, 2233.69it/s, Materializing param=encoder.layer.2.intermediate.dense.bias]
Loading weights:  48%|████▊     | 49/103 [00:00<00:00, 2234.85it/s, Materializing param=encoder.layer.2.intermediate.dense.weight]
Loading weights:  48%|████▊     | 49/103 [00:00<00:00, 2214.38it/s, Materializing param=encoder.layer.2.intermediate.dense.weight]
Loading weights:  49%|████▊     | 50/103 [00:00<00:00, 2230.85it/s, Materializing param=encoder.layer.2.output.LayerNorm.bias]    
Loading weights:  49%|████▊     | 50/103 [00:00<00:00, 2217.24it/s, Materializing param=encoder.layer.2.output.LayerNorm.bias]
Loading weights:  50%|████▉     | 51/103 [00:00<00:00, 2237.17it/s, Materializing param=encoder.layer.2.output.LayerNorm.weight]
Loading weights:  50%|████▉     | 51/103 [00:00<00:00, 2222.32it/s, Materializing param=encoder.layer.2.output.LayerNorm.weight]
Loading weights:  50%|█████     | 52/103 [00:00<00:00, 2227.62it/s, Materializing param=encoder.layer.2.output.dense.bias]      
Loading weights:  50%|█████     | 52/103 [00:00<00:00, 2200.22it/s, Materializing param=encoder.layer.2.output.dense.bias]
Loading weights:  51%|█████▏    | 53/103 [00:00<00:00, 2202.26it/s, Materializing param=encoder.layer.2.output.dense.weight]
Loading weights:  51%|█████▏    | 53/103 [00:00<00:00, 2188.94it/s, Materializing param=encoder.layer.2.output.dense.weight]
Loading weights:  52%|█████▏    | 54/103 [00:00<00:00, 2179.09it/s, Materializing param=encoder.layer.3.attention.output.LayerNorm.bias]
Loading weights:  52%|█████▏    | 54/103 [00:00<00:00, 2166.81it/s, Materializing param=encoder.layer.3.attention.output.LayerNorm.bias]
Loading weights:  53%|█████▎    | 55/103 [00:00<00:00, 2173.91it/s, Materializing param=encoder.layer.3.attention.output.LayerNorm.weight]
Loading weights:  53%|█████▎    | 55/103 [00:00<00:00, 2157.26it/s, Materializing param=encoder.layer.3.attention.output.LayerNorm.weight]
Loading weights:  54%|█████▍    | 56/103 [00:00<00:00, 2173.82it/s, Materializing param=encoder.layer.3.attention.output.dense.bias]      
Loading weights:  54%|█████▍    | 56/103 [00:00<00:00, 2165.42it/s, Materializing param=encoder.layer.3.attention.output.dense.bias]
Loading weights:  55%|█████▌    | 57/103 [00:00<00:00, 2163.77it/s, Materializing param=encoder.layer.3.attention.output.dense.weight]
Loading weights:  55%|█████▌    | 57/103 [00:00<00:00, 2144.31it/s, Materializing param=encoder.layer.3.attention.output.dense.weight]
Loading weights:  56%|█████▋    | 58/103 [00:00<00:00, 2152.58it/s, Materializing param=encoder.layer.3.attention.self.key.bias]      
Loading weights:  56%|█████▋    | 58/103 [00:00<00:00, 2145.31it/s, Materializing param=encoder.layer.3.attention.self.key.bias]
Loading weights:  57%|█████▋    | 59/103 [00:00<00:00, 2167.81it/s, Materializing param=encoder.layer.3.attention.self.key.weight]
Loading weights:  57%|█████▋    | 59/103 [00:00<00:00, 2151.80it/s, Materializing param=encoder.layer.3.attention.self.key.weight]
Loading weights:  58%|█████▊    | 60/103 [00:00<00:00, 2167.73it/s, Materializing param=encoder.layer.3.attention.self.query.bias]
Loading weights:  58%|█████▊    | 60/103 [00:00<00:00, 2160.81it/s, Materializing param=encoder.layer.3.attention.self.query.bias]
Loading weights:  59%|█████▉    | 61/103 [00:00<00:00, 2181.63it/s, Materializing param=encoder.layer.3.attention.self.query.weight]
Loading weights:  59%|█████▉    | 61/103 [00:00<00:00, 2174.62it/s, Materializing param=encoder.layer.3.attention.self.query.weight]
Loading weights:  60%|██████    | 62/103 [00:00<00:00, 2189.54it/s, Materializing param=encoder.layer.3.attention.self.value.bias]  
Loading weights:  60%|██████    | 62/103 [00:00<00:00, 2172.92it/s, Materializing param=encoder.layer.3.attention.self.value.bias]
Loading weights:  61%|██████    | 63/103 [00:00<00:00, 2183.41it/s, Materializing param=encoder.layer.3.attention.self.value.weight]
Loading weights:  61%|██████    | 63/103 [00:00<00:00, 2175.29it/s, Materializing param=encoder.layer.3.attention.self.value.weight]
Loading weights:  62%|██████▏   | 64/103 [00:00<00:00, 2197.52it/s, Materializing param=encoder.layer.3.intermediate.dense.bias]    
Loading weights:  62%|██████▏   | 64/103 [00:00<00:00, 2183.88it/s, Materializing param=encoder.layer.3.intermediate.dense.bias]
Loading weights:  63%|██████▎   | 65/103 [00:00<00:00, 2184.38it/s, Materializing param=encoder.layer.3.intermediate.dense.weight]
Loading weights:  63%|██████▎   | 65/103 [00:00<00:00, 2177.88it/s, Materializing param=encoder.layer.3.intermediate.dense.weight]
Loading weights:  64%|██████▍   | 66/103 [00:00<00:00, 2191.02it/s, Materializing param=encoder.layer.3.output.LayerNorm.bias]    
Loading weights:  64%|██████▍   | 66/103 [00:00<00:00, 2184.91it/s, Materializing param=encoder.layer.3.output.LayerNorm.bias]
Loading weights:  65%|██████▌   | 67/103 [00:00<00:00, 2201.46it/s, Materializing param=encoder.layer.3.output.LayerNorm.weight]
Loading weights:  65%|██████▌   | 67/103 [00:00<00:00, 2188.09it/s, Materializing param=encoder.layer.3.output.LayerNorm.weight]
Loading weights:  66%|██████▌   | 68/103 [00:00<00:00, 2182.91it/s, Materializing param=encoder.layer.3.output.dense.bias]      
Loading weights:  66%|██████▌   | 68/103 [00:00<00:00, 2161.42it/s, Materializing param=encoder.layer.3.output.dense.bias]
Loading weights:  67%|██████▋   | 69/103 [00:00<00:00, 2174.06it/s, Materializing param=encoder.layer.3.output.dense.weight]
Loading weights:  67%|██████▋   | 69/103 [00:00<00:00, 2165.43it/s, Materializing param=encoder.layer.3.output.dense.weight]
Loading weights:  68%|██████▊   | 70/103 [00:00<00:00, 2152.77it/s, Materializing param=encoder.layer.4.attention.output.LayerNorm.bias]
Loading weights:  68%|██████▊   | 70/103 [00:00<00:00, 2136.71it/s, Materializing param=encoder.layer.4.attention.output.LayerNorm.bias]
Loading weights:  69%|██████▉   | 71/103 [00:00<00:00, 2148.66it/s, Materializing param=encoder.layer.4.attention.output.LayerNorm.weight]
Loading weights:  69%|██████▉   | 71/103 [00:00<00:00, 2134.34it/s, Materializing param=encoder.layer.4.attention.output.LayerNorm.weight]
Loading weights:  70%|██████▉   | 72/103 [00:00<00:00, 2149.85it/s, Materializing param=encoder.layer.4.attention.output.dense.bias]      
Loading weights:  70%|██████▉   | 72/103 [00:00<00:00, 2144.24it/s, Materializing param=encoder.layer.4.attention.output.dense.bias]
Loading weights:  71%|███████   | 73/103 [00:00<00:00, 2164.69it/s, Materializing param=encoder.layer.4.attention.output.dense.weight]
Loading weights:  71%|███████   | 73/103 [00:00<00:00, 2158.46it/s, Materializing param=encoder.layer.4.attention.output.dense.weight]
Loading weights:  72%|███████▏  | 74/103 [00:00<00:00, 2176.32it/s, Materializing param=encoder.layer.4.attention.self.key.bias]      
Loading weights:  72%|███████▏  | 74/103 [00:00<00:00, 2171.07it/s, Materializing param=encoder.layer.4.attention.self.key.bias]
Loading weights:  73%|███████▎  | 75/103 [00:00<00:00, 2192.25it/s, Materializing param=encoder.layer.4.attention.self.key.weight]
Loading weights:  73%|███████▎  | 75/103 [00:00<00:00, 2187.57it/s, Materializing param=encoder.layer.4.attention.self.key.weight]
Loading weights:  74%|███████▍  | 76/103 [00:00<00:00, 2207.76it/s, Materializing param=encoder.layer.4.attention.self.query.bias]
Loading weights:  74%|███████▍  | 76/103 [00:00<00:00, 2203.01it/s, Materializing param=encoder.layer.4.attention.self.query.bias]
Loading weights:  75%|███████▍  | 77/103 [00:00<00:00, 2224.21it/s, Materializing param=encoder.layer.4.attention.self.query.weight]
Loading weights:  75%|███████▍  | 77/103 [00:00<00:00, 2219.68it/s, Materializing param=encoder.layer.4.attention.self.query.weight]
Loading weights:  76%|███████▌  | 78/103 [00:00<00:00, 2240.82it/s, Materializing param=encoder.layer.4.attention.self.value.bias]  
Loading weights:  76%|███████▌  | 78/103 [00:00<00:00, 2235.17it/s, Materializing param=encoder.layer.4.attention.self.value.bias]
Loading weights:  77%|███████▋  | 79/103 [00:00<00:00, 2255.65it/s, Materializing param=encoder.layer.4.attention.self.value.weight]
Loading weights:  77%|███████▋  | 79/103 [00:00<00:00, 2251.03it/s, Materializing param=encoder.layer.4.attention.self.value.weight]
Loading weights:  78%|███████▊  | 80/103 [00:00<00:00, 2271.86it/s, Materializing param=encoder.layer.4.intermediate.dense.bias]    
Loading weights:  78%|███████▊  | 80/103 [00:00<00:00, 2267.31it/s, Materializing param=encoder.layer.4.intermediate.dense.bias]
Loading weights:  79%|███████▊  | 81/103 [00:00<00:00, 2287.02it/s, Materializing param=encoder.layer.4.intermediate.dense.weight]
Loading weights:  79%|███████▊  | 81/103 [00:00<00:00, 2282.44it/s, Materializing param=encoder.layer.4.intermediate.dense.weight]
Loading weights:  80%|███████▉  | 82/103 [00:00<00:00, 2303.08it/s, Materializing param=encoder.layer.4.output.LayerNorm.bias]    
Loading weights:  80%|███████▉  | 82/103 [00:00<00:00, 2298.57it/s, Materializing param=encoder.layer.4.output.LayerNorm.bias]
Loading weights:  81%|████████  | 83/103 [00:00<00:00, 2319.07it/s, Materializing param=encoder.layer.4.output.LayerNorm.weight]
Loading weights:  81%|████████  | 83/103 [00:00<00:00, 2314.43it/s, Materializing param=encoder.layer.4.output.LayerNorm.weight]
Loading weights:  82%|████████▏ | 84/103 [00:00<00:00, 2333.43it/s, Materializing param=encoder.layer.4.output.dense.bias]      
Loading weights:  82%|████████▏ | 84/103 [00:00<00:00, 2328.78it/s, Materializing param=encoder.layer.4.output.dense.bias]
Loading weights:  83%|████████▎ | 85/103 [00:00<00:00, 2349.05it/s, Materializing param=encoder.layer.4.output.dense.weight]
Loading weights:  83%|████████▎ | 85/103 [00:00<00:00, 2344.57it/s, Materializing param=encoder.layer.4.output.dense.weight]
Loading weights:  83%|████████▎ | 86/103 [00:00<00:00, 2364.03it/s, Materializing param=encoder.layer.5.attention.output.LayerNorm.bias]
Loading weights:  83%|████████▎ | 86/103 [00:00<00:00, 2359.33it/s, Materializing param=encoder.layer.5.attention.output.LayerNorm.bias]
Loading weights:  84%|████████▍ | 87/103 [00:00<00:00, 2378.76it/s, Materializing param=encoder.layer.5.attention.output.LayerNorm.weight]
Loading weights:  84%|████████▍ | 87/103 [00:00<00:00, 2374.00it/s, Materializing param=encoder.layer.5.attention.output.LayerNorm.weight]
Loading weights:  85%|████████▌ | 88/103 [00:00<00:00, 2393.47it/s, Materializing param=encoder.layer.5.attention.output.dense.bias]      
Loading weights:  85%|████████▌ | 88/103 [00:00<00:00, 2388.65it/s, Materializing param=encoder.layer.5.attention.output.dense.bias]
Loading weights:  86%|████████▋ | 89/103 [00:00<00:00, 2406.65it/s, Materializing param=encoder.layer.5.attention.output.dense.weight]
Loading weights:  86%|████████▋ | 89/103 [00:00<00:00, 2401.87it/s, Materializing param=encoder.layer.5.attention.output.dense.weight]
Loading weights:  87%|████████▋ | 90/103 [00:00<00:00, 2421.05it/s, Materializing param=encoder.layer.5.attention.self.key.bias]      
Loading weights:  87%|████████▋ | 90/103 [00:00<00:00, 2416.44it/s, Materializing param=encoder.layer.5.attention.self.key.bias]
Loading weights:  88%|████████▊ | 91/103 [00:00<00:00, 2434.33it/s, Materializing param=encoder.layer.5.attention.self.key.weight]
Loading weights:  88%|████████▊ | 91/103 [00:00<00:00, 2429.59it/s, Materializing param=encoder.layer.5.attention.self.key.weight]
Loading weights:  89%|████████▉ | 92/103 [00:00<00:00, 2448.53it/s, Materializing param=encoder.layer.5.attention.self.query.bias]
Loading weights:  89%|████████▉ | 92/103 [00:00<00:00, 2443.91it/s, Materializing param=encoder.layer.5.attention.self.query.bias]
Loading weights:  90%|█████████ | 93/103 [00:00<00:00, 2462.77it/s, Materializing param=encoder.layer.5.attention.self.query.weight]
Loading weights:  90%|█████████ | 93/103 [00:00<00:00, 2458.11it/s, Materializing param=encoder.layer.5.attention.self.query.weight]
Loading weights:  91%|█████████▏| 94/103 [00:00<00:00, 2475.56it/s, Materializing param=encoder.layer.5.attention.self.value.bias]  
Loading weights:  91%|█████████▏| 94/103 [00:00<00:00, 2470.75it/s, Materializing param=encoder.layer.5.attention.self.value.bias]
Loading weights:  92%|█████████▏| 95/103 [00:00<00:00, 2489.01it/s, Materializing param=encoder.layer.5.attention.self.value.weight]
Loading weights:  92%|█████████▏| 95/103 [00:00<00:00, 2484.27it/s, Materializing param=encoder.layer.5.attention.self.value.weight]
Loading weights:  93%|█████████▎| 96/103 [00:00<00:00, 2502.09it/s, Materializing param=encoder.layer.5.intermediate.dense.bias]    
Loading weights:  93%|█████████▎| 96/103 [00:00<00:00, 2497.45it/s, Materializing param=encoder.layer.5.intermediate.dense.bias]
Loading weights:  94%|█████████▍| 97/103 [00:00<00:00, 2515.81it/s, Materializing param=encoder.layer.5.intermediate.dense.weight]
Loading weights:  94%|█████████▍| 97/103 [00:00<00:00, 2511.20it/s, Materializing param=encoder.layer.5.intermediate.dense.weight]
Loading weights:  95%|█████████▌| 98/103 [00:00<00:00, 2529.50it/s, Materializing param=encoder.layer.5.output.LayerNorm.bias]    
Loading weights:  95%|█████████▌| 98/103 [00:00<00:00, 2524.90it/s, Materializing param=encoder.layer.5.output.LayerNorm.bias]
Loading weights:  96%|█████████▌| 99/103 [00:00<00:00, 2542.03it/s, Materializing param=encoder.layer.5.output.LayerNorm.weight]
Loading weights:  96%|█████████▌| 99/103 [00:00<00:00, 2537.23it/s, Materializing param=encoder.layer.5.output.LayerNorm.weight]
Loading weights:  97%|█████████▋| 100/103 [00:00<00:00, 2555.23it/s, Materializing param=encoder.layer.5.output.dense.bias]     
Loading weights:  97%|█████████▋| 100/103 [00:00<00:00, 2550.66it/s, Materializing param=encoder.layer.5.output.dense.bias]
Loading weights:  98%|█████████▊| 101/103 [00:00<00:00, 2568.01it/s, Materializing param=encoder.layer.5.output.dense.weight]
Loading weights:  98%|█████████▊| 101/103 [00:00<00:00, 2563.31it/s, Materializing param=encoder.layer.5.output.dense.weight]
Loading weights:  99%|█████████▉| 102/103 [00:00<00:00, 2581.06it/s, Materializing param=pooler.dense.bias]                  
Loading weights:  99%|█████████▉| 102/103 [00:00<00:00, 2576.57it/s, Materializing param=pooler.dense.bias]
Loading weights: 100%|██████████| 103/103 [00:00<00:00, 2594.44it/s, Materializing param=pooler.dense.weight]
Loading weights: 100%|██████████| 103/103 [00:00<00:00, 2589.99it/s, Materializing param=pooler.dense.weight]
Loading weights: 100%|██████████| 103/103 [00:00<00:00, 2578.83it/s, Materializing param=pooler.dense.weight]
BertModel LOAD REPORT from: sentence-transformers/all-MiniLM-L6-v2
Key                     | Status     |  | 
------------------------+------------+--+-
embeddings.position_ids | UNEXPECTED |  | 

Notes:
- UNEXPECTED	:can be ignored when loading from different task/architecture; not ok if you expect identical arch.
<unknown>:6: SyntaxWarning: invalid escape sequence '\w'
<unknown>:6: SyntaxWarning: invalid escape sequence '\w'
